// Jest Snapshot v1, https://goo.gl/fbAQLP

exports[`Tests in <BoardCell /> Must render <BoardCell /> correctly 1`] = `
<div
  className="md:h-20 md:w-20 h-10 w-10 md:p-4 bg-white border-white border-2 mr-1 mb-1 rounded-md cursor-pointer"
  id="board-cell"
  onClick={[Function]}
/>
`;
